// Jest Snapshot v1, https://goo.gl/fbAQLP

exports[`babel plugin execution order 1`] = `
Object {
  "en": Object {
    "extract-react-intl.test.pluginOrdering.test": "auto",
  },
}
`;

exports[`babelrc path resolution 1`] = `
Object {
  "en": Object {
    "test": "test",
  },
}
`;

exports[`extract from file 1`] = `
Object {
  "en": Object {
    "components.App.1248161314": "Submit button",
    "components.App.hello": "hello",
    "components.App.world": "world",
    "components/Greeting/welcome": "Welcome {name}, you have received {unreadCount, plural, =0 {no new messages} one {{formattedUnreadCount} new message} other {{formattedUnreadCount} new messages}} since {formattedLastLoginTime}.",
  },
  "ja": Object {
    "components.App.1248161314": "",
    "components.App.hello": "",
    "components.App.world": "",
    "components/Greeting/welcome": "",
  },
}
`;
