// Jest Snapshot v1, https://goo.gl/fbAQLP

exports[`babel plugin execution order 1`] = `
Object {
  "en": Object {
    "src.extract-react-intl.test.pluginOrdering.test": "auto",
  },
}
`;

exports[`extract from file 1`] = `
Object {
  "en": Object {
    "components.App.1248161314": "Submit button",
    "components.App.hello": "hello",
    "components.App.world": "world",
    "components/Greeting/welcome": "Welcome {name}, you have received {unreadCount, plural, =0 {no new messages} one {{formattedUnreadCount} new message} other {{formattedUnreadCount} new messages}} since {formattedLastLoginTime}.",
  },
  "ja": Object {
    "components.App.1248161314": "",
    "components.App.hello": "",
    "components.App.world": "",
    "components/Greeting/welcome": "",
  },
}
`;

exports[`extract from file with descriptions 1`] = `
Object {
  "en": Object {
    "components.App.hello": Object {
      "description": "hello message description",
      "message": "hello",
    },
    "components.App.world": Object {
      "description": "world message description",
      "message": "world",
    },
    "components/Greeting/welcome": Object {
      "description": "Welcome message description",
      "message": "Welcome {name}, you have received {unreadCount, plural, =0 {no new messages} one {{formattedUnreadCount} new message} other {{formattedUnreadCount} new messages}} since {formattedLastLoginTime}.",
    },
  },
  "ja": Object {
    "components.App.hello": Object {
      "description": "hello message description",
      "message": "",
    },
    "components.App.world": Object {
      "description": "world message description",
      "message": "",
    },
    "components/Greeting/welcome": Object {
      "description": "Welcome message description",
      "message": "",
    },
  },
}
`;
